{
    "metagenome - csv - stub": {
        "content": [
            [
                [
                    {
                        "id": "test"
                    },
                    "test.sourcepredict.csv:md5,d41d8cd98f00b204e9800998ecf8427e"
                ]
            ],
            [
                "versions.yml:md5,d0e1400b2ad38aa0f76376e617a80015"
            ]
        ],
        "meta": {
            "nf-test": "0.9.0",
            "nextflow": "24.04.4"
        },
        "timestamp": "2024-10-23T14:30:12.413637144"
    },
    "metagenome - csv": {
        "content": [
            [
                [
                    {
                        "id": "test"
                    },
                    "test.sourcepredict.csv:md5,fd90e16e7d7ce577d9b561afb1ebb24b"
                ]
            ],
            [
                "versions.yml:md5,d0e1400b2ad38aa0f76376e617a80015"
            ]
        ],
        "meta": {
            "nf-test": "0.9.0",
            "nextflow": "24.04.4"
        },
        "timestamp": "2024-10-23T14:29:42.591511161"
    }
}